Watching for file changes with StatReloader
[01/Jun/2026 21:40:17] "OPTIONS /api/users/login/ HTTP/1.1" 200 0
[01/Jun/2026 21:40:18] "POST /api/users/login/ HTTP/1.1" 200 489
[01/Jun/2026 21:40:18] "OPTIONS /api/users/profile/ HTTP/1.1" 200 0
[01/Jun/2026 21:40:18] "GET /api/users/profile/ HTTP/1.1" 200 108
[01/Jun/2026 21:40:18] "OPTIONS /api/clients/ HTTP/1.1" 200 0
[01/Jun/2026 21:40:18] "OPTIONS /api/cases/ HTTP/1.1" 200 0
[01/Jun/2026 21:40:18] "OPTIONS /api/tasks/ HTTP/1.1" 200 0
[01/Jun/2026 21:40:18] "OPTIONS /api/events/ HTTP/1.1" 200 0
[01/Jun/2026 21:40:18] "OPTIONS /api/finance/transactions/ HTTP/1.1" 200 0
[01/Jun/2026 21:40:18] "OPTIONS /api/documents/ HTTP/1.1" 200 0
[01/Jun/2026 21:40:18] "OPTIONS /api/notes/ HTTP/1.1" 200 0
[01/Jun/2026 21:40:18] "GET /api/clients/ HTTP/1.1" 200 260
[01/Jun/2026 21:40:18] "GET /api/finance/transactions/ HTTP/1.1" 200 373
[01/Jun/2026 21:40:18] "GET /api/events/ HTTP/1.1" 200 542
[01/Jun/2026 21:40:18] "GET /api/cases/ HTTP/1.1" 200 533
[01/Jun/2026 21:40:18] "GET /api/documents/ HTTP/1.1" 200 560
[01/Jun/2026 21:40:18] "GET /api/tasks/ HTTP/1.1" 200 2114
[01/Jun/2026 21:40:18] "GET /api/notes/ HTTP/1.1" 200 2345
[01/Jun/2026 21:40:33] "OPTIONS /api/notes/8/ HTTP/1.1" 200 0
[01/Jun/2026 21:40:33] "DELETE /api/notes/8/ HTTP/1.1" 204 0
[01/Jun/2026 21:40:36] "OPTIONS /api/notes/7/ HTTP/1.1" 200 0
[01/Jun/2026 21:40:36] "DELETE /api/notes/7/ HTTP/1.1" 204 0
[01/Jun/2026 21:40:40] "OPTIONS /api/notes/11/ HTTP/1.1" 200 0
[01/Jun/2026 21:40:40] "DELETE /api/notes/11/ HTTP/1.1" 204 0
[01/Jun/2026 21:40:53] "OPTIONS /api/notes/10/ HTTP/1.1" 200 0
[01/Jun/2026 21:40:53] "DELETE /api/notes/10/ HTTP/1.1" 204 0
[01/Jun/2026 21:40:56] "OPTIONS /api/notes/9/ HTTP/1.1" 200 0
[01/Jun/2026 21:40:56] "DELETE /api/notes/9/ HTTP/1.1" 204 0
[01/Jun/2026 21:43:10] "OPTIONS /api/users/login/ HTTP/1.1" 200 497
[01/Jun/2026 21:43:12,988] - Broken pipe from ('127.0.0.1', 60792)
[01/Jun/2026 22:18:11] "OPTIONS /api/users/manage/ HTTP/1.1" 200 0
[01/Jun/2026 22:18:11] "GET /api/users/manage/ HTTP/1.1" 200 391
[02/Jun/2026 00:44:42] "OPTIONS /api/users/manage/ HTTP/1.1" 200 0
[02/Jun/2026 00:44:42] "OPTIONS /api/users/profile/ HTTP/1.1" 200 0
[02/Jun/2026 00:44:42] "OPTIONS /api/clients/ HTTP/1.1" 200 0
[02/Jun/2026 00:44:42] "OPTIONS /api/events/ HTTP/1.1" 200 0
Unauthorized: /api/users/manage/
Unauthorized: /api/users/profile/
[02/Jun/2026 00:44:42] "OPTIONS /api/cases/ HTTP/1.1" 200 0
[02/Jun/2026 00:44:42] "OPTIONS /api/tasks/ HTTP/1.1" 200 0
[02/Jun/2026 00:44:42] "OPTIONS /api/documents/ HTTP/1.1" 200 0
Unauthorized: /api/clients/
[02/Jun/2026 00:44:42] "GET /api/users/manage/ HTTP/1.1" 401 172
Unauthorized: /api/events/
[02/Jun/2026 00:44:42] "OPTIONS /api/notes/ HTTP/1.1" 200 0
Unauthorized: /api/cases/
[02/Jun/2026 00:44:42] "GET /api/users/profile/ HTTP/1.1" 401 172
Unauthorized: /api/tasks/
[02/Jun/2026 00:44:42] "OPTIONS /api/finance/transactions/ HTTP/1.1" 200 0
Unauthorized: /api/documents/
[02/Jun/2026 00:44:42] "GET /api/clients/ HTTP/1.1" 401 172
Unauthorized: /api/notes/
[02/Jun/2026 00:44:42] "GET /api/events/ HTTP/1.1" 401 172
Unauthorized: /api/finance/transactions/
[02/Jun/2026 00:44:42] "GET /api/cases/ HTTP/1.1" 401 172
[02/Jun/2026 00:44:42] "GET /api/tasks/ HTTP/1.1" 401 172
[02/Jun/2026 00:44:42] "GET /api/documents/ HTTP/1.1" 401 172
[02/Jun/2026 00:44:42] "GET /api/notes/ HTTP/1.1" 401 172
[02/Jun/2026 00:44:42] "GET /api/finance/transactions/ HTTP/1.1" 401 172
[02/Jun/2026 02:21:34] "OPTIONS /api/users/login/ HTTP/1.1" 200 0
[02/Jun/2026 02:21:35] "POST /api/users/login/ HTTP/1.1" 200 489
[02/Jun/2026 02:21:35] "GET /api/users/profile/ HTTP/1.1" 200 108
[02/Jun/2026 02:21:35] "GET /api/users/manage/ HTTP/1.1" 200 391
[02/Jun/2026 02:21:35] "GET /api/clients/ HTTP/1.1" 200 260
[02/Jun/2026 02:21:35] "GET /api/tasks/ HTTP/1.1" 200 2114
[02/Jun/2026 02:21:35] "GET /api/cases/ HTTP/1.1" 200 533
[02/Jun/2026 02:21:35] "GET /api/finance/transactions/ HTTP/1.1" 200 373
[02/Jun/2026 02:21:35] "GET /api/events/ HTTP/1.1" 200 542
[02/Jun/2026 02:21:35] "GET /api/documents/ HTTP/1.1" 200 560
[02/Jun/2026 02:21:35] "GET /api/notes/ HTTP/1.1" 200 871
[02/Jun/2026 02:40:48] "GET /api/users/profile/ HTTP/1.1" 200 108
[02/Jun/2026 02:40:48] "GET /api/clients/ HTTP/1.1" 200 260
[02/Jun/2026 02:40:48] "GET /api/cases/ HTTP/1.1" 200 533
[02/Jun/2026 02:40:48] "GET /api/documents/ HTTP/1.1" 200 560
[02/Jun/2026 02:40:48] "GET /api/tasks/ HTTP/1.1" 200 2114
[02/Jun/2026 02:40:48] "GET /api/events/ HTTP/1.1" 200 542
[02/Jun/2026 02:40:48] "GET /api/finance/transactions/ HTTP/1.1" 200 373
[02/Jun/2026 02:40:48] "GET /api/notes/ HTTP/1.1" 200 871
[02/Jun/2026 02:43:00] "GET /api/users/profile/ HTTP/1.1" 200 108
[02/Jun/2026 02:43:00] "GET /api/clients/ HTTP/1.1" 200 260
[02/Jun/2026 02:43:00] "GET /api/events/ HTTP/1.1" 200 542
[02/Jun/2026 02:43:00] "GET /api/cases/ HTTP/1.1" 200 533
[02/Jun/2026 02:43:00] "GET /api/documents/ HTTP/1.1" 200 560
[02/Jun/2026 02:43:00] "GET /api/tasks/ HTTP/1.1" 200 2114
[02/Jun/2026 02:43:00] "GET /api/notes/ HTTP/1.1" 200 871
[02/Jun/2026 02:43:00] "GET /api/finance/transactions/ HTTP/1.1" 200 373
[02/Jun/2026 02:45:36] "OPTIONS /api/users/profile/ HTTP/1.1" 200 0
[02/Jun/2026 02:45:36] "OPTIONS /api/clients/ HTTP/1.1" 200 0
[02/Jun/2026 02:45:36] "OPTIONS /api/cases/ HTTP/1.1" 200 0
[02/Jun/2026 02:45:36] "OPTIONS /api/tasks/ HTTP/1.1" 200 0
[02/Jun/2026 02:45:36] "OPTIONS /api/events/ HTTP/1.1" 200 0
[02/Jun/2026 02:45:36] "OPTIONS /api/documents/ HTTP/1.1" 200 0
[02/Jun/2026 02:45:36] "OPTIONS /api/notes/ HTTP/1.1" 200 0
[02/Jun/2026 02:45:36] "GET /api/users/profile/ HTTP/1.1" 200 108
[02/Jun/2026 02:45:36] "OPTIONS /api/finance/transactions/ HTTP/1.1" 200 0
[02/Jun/2026 02:45:36] "GET /api/clients/ HTTP/1.1" 200 260
[02/Jun/2026 02:45:36] "GET /api/tasks/ HTTP/1.1" 200 2114
[02/Jun/2026 02:45:36] "GET /api/documents/ HTTP/1.1" 200 560
[02/Jun/2026 02:45:36] "GET /api/events/ HTTP/1.1" 200 542
[02/Jun/2026 02:45:36] "GET /api/notes/ HTTP/1.1" 200 871
[02/Jun/2026 02:45:36] "GET /api/cases/ HTTP/1.1" 200 533
[02/Jun/2026 02:45:36] "GET /api/finance/transactions/ HTTP/1.1" 200 373
[02/Jun/2026 02:45:36] "GET /api/events/ HTTP/1.1" 200 542
[02/Jun/2026 02:45:36] "GET /api/clients/ HTTP/1.1" 200 260
[02/Jun/2026 02:45:36] "GET /api/documents/ HTTP/1.1" 200 560
[02/Jun/2026 02:45:36] "GET /api/tasks/ HTTP/1.1" 200 2114
[02/Jun/2026 02:45:36] "GET /api/cases/ HTTP/1.1" 200 533
[02/Jun/2026 02:45:36] "GET /api/notes/ HTTP/1.1" 200 871
[02/Jun/2026 02:45:36] "GET /api/finance/transactions/ HTTP/1.1" 200 373
[02/Jun/2026 02:46:31] "GET /api/users/profile/ HTTP/1.1" 200 108
[02/Jun/2026 02:46:31] "GET /api/clients/ HTTP/1.1" 200 260
[02/Jun/2026 02:46:31] "GET /api/cases/ HTTP/1.1" 200 533
[02/Jun/2026 02:46:31] "GET /api/documents/ HTTP/1.1" 200 560
[02/Jun/2026 02:46:31] "GET /api/events/ HTTP/1.1" 200 542
[02/Jun/2026 02:46:31] "GET /api/tasks/ HTTP/1.1" 200 2114
[02/Jun/2026 02:46:31] "GET /api/notes/ HTTP/1.1" 200 871
[02/Jun/2026 02:46:31] "GET /api/finance/transactions/ HTTP/1.1" 200 373
[02/Jun/2026 02:46:31] "GET /api/clients/ HTTP/1.1" 200 260
[02/Jun/2026 02:46:31] "GET /api/cases/ HTTP/1.1" 200 533
[02/Jun/2026 02:46:31] "GET /api/documents/ HTTP/1.1" 200 560
[02/Jun/2026 02:46:31] "GET /api/events/ HTTP/1.1" 200 542
[02/Jun/2026 02:46:31] "GET /api/finance/transactions/ HTTP/1.1" 200 373
[02/Jun/2026 02:46:31] "GET /api/tasks/ HTTP/1.1" 200 2114
[02/Jun/2026 02:46:31] "GET /api/notes/ HTTP/1.1" 200 871
[02/Jun/2026 02:48:14] "GET /api/users/profile/ HTTP/1.1" 200 108
[02/Jun/2026 02:48:14] "GET /api/clients/ HTTP/1.1" 200 260
[02/Jun/2026 02:48:14] "GET /api/events/ HTTP/1.1" 200 542
[02/Jun/2026 02:48:14] "GET /api/documents/ HTTP/1.1" 200 560
[02/Jun/2026 02:48:14] "GET /api/tasks/ HTTP/1.1" 200 2114
[02/Jun/2026 02:48:14] "GET /api/finance/transactions/ HTTP/1.1" 200 373
[02/Jun/2026 02:48:14] "GET /api/cases/ HTTP/1.1" 200 533
[02/Jun/2026 02:48:14] "GET /api/notes/ HTTP/1.1" 200 871
[02/Jun/2026 02:48:14] "GET /api/clients/ HTTP/1.1" 200 260
[02/Jun/2026 02:48:14] "GET /api/events/ HTTP/1.1" 200 542
[02/Jun/2026 02:48:14] "GET /api/finance/transactions/ HTTP/1.1" 200 373
[02/Jun/2026 02:48:14] "GET /api/documents/ HTTP/1.1" 200 560
[02/Jun/2026 02:48:14] "GET /api/tasks/ HTTP/1.1" 200 2114
[02/Jun/2026 02:48:14] "GET /api/notes/ HTTP/1.1" 200 871
[02/Jun/2026 02:48:14] "GET /api/cases/ HTTP/1.1" 200 533
[02/Jun/2026 02:48:18] "GET /media/documents/2_%D8%A7%D9%84%D9%81%D9%86_%D9%88_%D8%A7%D9%84%D8%AB%D9%82%D8%A7%D9%81%D8%A9.pptx HTTP/1.1" 200 58971
[02/Jun/2026 02:50:03] "GET /api/clients/ HTTP/1.1" 200 260
[02/Jun/2026 02:50:03] "GET /api/users/profile/ HTTP/1.1" 200 108
[02/Jun/2026 02:50:03] "GET /api/cases/ HTTP/1.1" 200 533
[02/Jun/2026 02:50:03] "GET /api/events/ HTTP/1.1" 200 542
[02/Jun/2026 02:50:03] "GET /api/documents/ HTTP/1.1" 200 560
[02/Jun/2026 02:50:03] "GET /api/finance/transactions/ HTTP/1.1" 200 373
[02/Jun/2026 02:50:03] "GET /api/tasks/ HTTP/1.1" 200 2114
[02/Jun/2026 02:50:03] "GET /api/clients/ HTTP/1.1" 200 260
[02/Jun/2026 02:50:03] "GET /api/notes/ HTTP/1.1" 200 871
[02/Jun/2026 02:50:03] "GET /api/cases/ HTTP/1.1" 200 533
[02/Jun/2026 02:50:03] "GET /api/events/ HTTP/1.1" 200 542
[02/Jun/2026 02:50:03] "GET /api/documents/ HTTP/1.1" 200 560
[02/Jun/2026 02:50:03] "GET /api/finance/transactions/ HTTP/1.1" 200 373
[02/Jun/2026 02:50:03] "GET /api/notes/ HTTP/1.1" 200 871
[02/Jun/2026 02:50:03] "GET /api/tasks/ HTTP/1.1" 200 2114
C:\Users\pc\Documents\pip\law-firm-app\backend\documents\models.py changed, reloading.
Watching for file changes with StatReloader
[02/Jun/2026 03:04:16] "GET /api/users/profile/ HTTP/1.1" 200 108
[02/Jun/2026 03:04:16] "GET /api/clients/ HTTP/1.1" 200 260
[02/Jun/2026 03:04:16] "GET /api/cases/ HTTP/1.1" 200 533
[02/Jun/2026 03:04:16] "GET /api/documents/ HTTP/1.1" 200 560
[02/Jun/2026 03:04:16] "GET /api/events/ HTTP/1.1" 200 542
[02/Jun/2026 03:04:16] "GET /api/notes/ HTTP/1.1" 200 871
[02/Jun/2026 03:04:16] "GET /api/tasks/ HTTP/1.1" 200 2114
[02/Jun/2026 03:04:16] "GET /api/finance/transactions/ HTTP/1.1" 200 373
[02/Jun/2026 03:06:30] "GET /api/users/profile/ HTTP/1.1" 200 108
[02/Jun/2026 03:06:30] "GET /api/clients/ HTTP/1.1" 200 260
[02/Jun/2026 03:06:30] "GET /api/events/ HTTP/1.1" 200 542
[02/Jun/2026 03:06:30] "GET /api/finance/transactions/ HTTP/1.1" 200 373
[02/Jun/2026 03:06:30] "GET /api/documents/ HTTP/1.1" 200 560
[02/Jun/2026 03:06:30] "GET /api/clients/ HTTP/1.1" 200 260
[02/Jun/2026 03:06:30] "GET /api/tasks/ HTTP/1.1" 200 2114
[02/Jun/2026 03:06:30] "GET /api/cases/ HTTP/1.1" 200 533
[02/Jun/2026 03:06:30] "GET /api/notes/ HTTP/1.1" 200 871
[02/Jun/2026 03:06:30] "GET /api/finance/transactions/ HTTP/1.1" 200 373
[02/Jun/2026 03:06:30] "GET /api/events/ HTTP/1.1" 200 542
[02/Jun/2026 03:06:30] "GET /api/documents/ HTTP/1.1" 200 560
[02/Jun/2026 03:06:30] "GET /api/tasks/ HTTP/1.1" 200 2114
[02/Jun/2026 03:06:30] "GET /api/cases/ HTTP/1.1" 200 533
[02/Jun/2026 03:06:30] "GET /api/notes/ HTTP/1.1" 200 871
[02/Jun/2026 03:17:45] "GET /api/users/profile/ HTTP/1.1" 200 108
[02/Jun/2026 03:17:45] "GET /api/clients/ HTTP/1.1" 200 260
[02/Jun/2026 03:17:45] "GET /api/cases/ HTTP/1.1" 200 533
[02/Jun/2026 03:17:45] "GET /api/finance/transactions/ HTTP/1.1" 200 373
[02/Jun/2026 03:17:45] "GET /api/documents/ HTTP/1.1" 200 560
[02/Jun/2026 03:17:45] "GET /api/events/ HTTP/1.1" 200 542
[02/Jun/2026 03:17:45] "GET /api/tasks/ HTTP/1.1" 200 2114
[02/Jun/2026 03:17:45] "GET /api/notes/ HTTP/1.1" 200 871
[02/Jun/2026 03:19:18] "GET /api/users/profile/ HTTP/1.1" 200 108
[02/Jun/2026 03:19:18] "GET /api/clients/ HTTP/1.1" 200 260
[02/Jun/2026 03:19:18] "GET /api/tasks/ HTTP/1.1" 200 2114
[02/Jun/2026 03:19:18] "GET /api/clients/ HTTP/1.1" 200 260
[02/Jun/2026 03:19:18] "GET /api/events/ HTTP/1.1" 200 542
[02/Jun/2026 03:19:18] "GET /api/documents/ HTTP/1.1" 200 560
[02/Jun/2026 03:19:18] "GET /api/cases/ HTTP/1.1" 200 533
[02/Jun/2026 03:19:18] "GET /api/finance/transactions/ HTTP/1.1" 200 373
[02/Jun/2026 03:19:18] "GET /api/notes/ HTTP/1.1" 200 871
[02/Jun/2026 03:19:18] "GET /api/events/ HTTP/1.1" 200 542
[02/Jun/2026 03:19:18] "GET /api/finance/transactions/ HTTP/1.1" 200 373
[02/Jun/2026 03:19:18] "GET /api/cases/ HTTP/1.1" 200 533
[02/Jun/2026 03:19:18] "GET /api/tasks/ HTTP/1.1" 200 2114
[02/Jun/2026 03:19:18] "GET /api/documents/ HTTP/1.1" 200 560
[02/Jun/2026 03:19:18] "GET /api/notes/ HTTP/1.1" 200 871
[02/Jun/2026 03:20:25] "GET /api/clients/ HTTP/1.1" 200 260
[02/Jun/2026 03:20:25] "GET /api/users/profile/ HTTP/1.1" 200 108
[02/Jun/2026 03:20:25] "GET /api/cases/ HTTP/1.1" 200 533
[02/Jun/2026 03:20:25] "GET /api/documents/ HTTP/1.1" 200 560
[02/Jun/2026 03:20:25] "GET /api/events/ HTTP/1.1" 200 542
[02/Jun/2026 03:20:25] "GET /api/tasks/ HTTP/1.1" 200 2114
[02/Jun/2026 03:20:25] "GET /api/finance/transactions/ HTTP/1.1" 200 373
[02/Jun/2026 03:20:25] "GET /api/clients/ HTTP/1.1" 200 260
[02/Jun/2026 03:20:25] "GET /api/notes/ HTTP/1.1" 200 871
[02/Jun/2026 03:20:25] "GET /api/documents/ HTTP/1.1" 200 560
[02/Jun/2026 03:20:25] "GET /api/cases/ HTTP/1.1" 200 533
[02/Jun/2026 03:20:25] "GET /api/events/ HTTP/1.1" 200 542
[02/Jun/2026 03:20:25] "GET /api/finance/transactions/ HTTP/1.1" 200 373
[02/Jun/2026 03:20:25] "GET /api/notes/ HTTP/1.1" 200 871
[02/Jun/2026 03:20:25] "GET /api/tasks/ HTTP/1.1" 200 2114
[02/Jun/2026 11:43:10] "OPTIONS /api/users/manage/ HTTP/1.1" 200 0
Unauthorized: /api/users/manage/
[02/Jun/2026 11:43:10] "GET /api/users/manage/ HTTP/1.1" 401 172
[02/Jun/2026 11:45:27] "OPTIONS /api/users/profile/ HTTP/1.1" 200 0
Unauthorized: /api/users/profile/
[02/Jun/2026 11:45:27] "GET /api/users/profile/ HTTP/1.1" 401 172
[02/Jun/2026 11:49:00] "OPTIONS /api/users/login/ HTTP/1.1" 200 0
[02/Jun/2026 11:49:01] "POST /api/users/login/ HTTP/1.1" 200 489
[02/Jun/2026 11:49:01] "GET /api/users/profile/ HTTP/1.1" 200 108
[02/Jun/2026 11:49:01] "OPTIONS /api/clients/ HTTP/1.1" 200 0
[02/Jun/2026 11:49:01] "OPTIONS /api/cases/ HTTP/1.1" 200 0
[02/Jun/2026 11:49:01] "OPTIONS /api/documents/ HTTP/1.1" 200 0
[02/Jun/2026 11:49:01] "OPTIONS /api/finance/transactions/ HTTP/1.1" 200 0
[02/Jun/2026 11:49:01] "OPTIONS /api/events/ HTTP/1.1" 200 0
[02/Jun/2026 11:49:01] "OPTIONS /api/tasks/ HTTP/1.1" 200 0
[02/Jun/2026 11:49:01] "OPTIONS /api/notes/ HTTP/1.1" 200 0
[02/Jun/2026 11:49:01] "GET /api/clients/ HTTP/1.1" 200 260
[02/Jun/2026 11:49:01] "GET /api/cases/ HTTP/1.1" 200 533
[02/Jun/2026 11:49:01] "GET /api/finance/transactions/ HTTP/1.1" 200 373
[02/Jun/2026 11:49:01] "GET /api/events/ HTTP/1.1" 200 542
[02/Jun/2026 11:49:01] "GET /api/documents/ HTTP/1.1" 200 560
[02/Jun/2026 11:49:01] "GET /api/tasks/ HTTP/1.1" 200 2114
[02/Jun/2026 11:49:01] "GET /api/notes/ HTTP/1.1" 200 871
[02/Jun/2026 11:49:10] "OPTIONS /api/chatbot/message/ HTTP/1.1" 200 0
[02/Jun/2026 11:49:10] "POST /api/chatbot/message/ HTTP/1.1" 200 251
[02/Jun/2026 11:49:14] "POST /api/chatbot/message/ HTTP/1.1" 200 218
[02/Jun/2026 11:49:19] "POST /api/chatbot/message/ HTTP/1.1" 200 503
[02/Jun/2026 11:49:21] "OPTIONS /api/chatbot/action/ HTTP/1.1" 200 0
[02/Jun/2026 11:49:21] "POST /api/chatbot/action/ HTTP/1.1" 200 94
[02/Jun/2026 11:49:24] "GET /api/users/manage/ HTTP/1.1" 200 391
[02/Jun/2026 11:49:30] "POST /api/chatbot/message/ HTTP/1.1" 200 503
[02/Jun/2026 11:49:31] "POST /api/chatbot/action/ HTTP/1.1" 200 94
[02/Jun/2026 11:49:36] "GET /api/users/profile/ HTTP/1.1" 200 108
[02/Jun/2026 11:49:36] "GET /api/clients/ HTTP/1.1" 200 260
[02/Jun/2026 11:49:36] "GET /api/tasks/ HTTP/1.1" 200 2114
[02/Jun/2026 11:49:36] "GET /api/documents/ HTTP/1.1" 200 560
[02/Jun/2026 11:49:36] "GET /api/cases/ HTTP/1.1" 200 533
[02/Jun/2026 11:49:36] "GET /api/finance/transactions/ HTTP/1.1" 200 373
[02/Jun/2026 11:49:36] "GET /api/events/ HTTP/1.1" 200 542
[02/Jun/2026 11:49:36] "GET /api/notes/ HTTP/1.1" 200 1463
